Старт игры
Словарь успешно создан. Количество слов: 4159
Игра запущена. Заганное слово: ежата
арбат
Проверка ответа. Шаг: 0
Перехвачена ошибка ввода: Слова "арбат" нет в словаре!
старт
Проверка ответа. Шаг: 0
Компьютер подбирает подсказку через фильтрацию циклом...
затяг
Проверка ответа. Шаг: 1
Компьютер подбирает подсказку через фильтрацию циклом...
птаха
Проверка ответа. Шаг: 2
Компьютер подбирает подсказку через фильтрацию циклом...
коата
Проверка ответа. Шаг: 3
Компьютер подбирает подсказку через фильтрацию циклом...
штамм
Проверка ответа. Шаг: 4
Компьютер подбирает подсказку через фильтрацию циклом...
утица
Проверка ответа. Шаг: 5
Компьютер подбирает подсказку через фильтрацию циклом...
атлет
Проверка ответа. Шаг: 6
Перехвачена игровая ошибка: Ходов больше нет!
Итог: Поражение игрока. Загаданное слово: ежата
Конец игры
